# amber-replay-golden schema=v1 scenario=s07_outcome_unknown_then_retry
run_started
tool_prepared tool=golden_post_effect
run_paused state=waiting_user
run_resumed
tool_started tool=golden_post_effect
# process_death
tool_outcome_unknown tool=golden_post_effect
run_paused state=outcome_unknown
tool_reconciled tool=golden_post_effect decision=retry
run_resumed
tool_started tool=golden_post_effect
tool_finished tool=golden_post_effect status=finished
assistant_message
run_terminal status=completed
